// Jest Snapshot v1, https://goo.gl/fbAQLP

exports[`App should match snapshot 1`] = `
<main>
  <Route
    exact={true}
    path="/"
    render={[Function]}
  />
  <Route
    exact={true}
    path="/flag-fest"
    render={[Function]}
  />
  <Route
    exact={true}
    path="/flag-fest/play"
    render={[Function]}
  />
</main>
`;
